Amazing - Copyright by Creative Computing, Morristown, NJ
:--:  :
I  I  I 
:  :--:
I  I  I 
:--:--:

wArray
2 1 
3 0 


vArray
1 0 
0 0 

