Amazing - Copyright by Creative Computing, Morristown, NJ

wArray


vArray

