Amazing - Copyright by Creative Computing, Morristown, NJ
