Amazing - Copyright by Creative Computing, Morristown, NJ
:  :--:--:
I  I     I 
:  :  :  :
I     I  I 
:  :--:  :
I  I  I  I 
:--:--:--:

wArray
1 6 7 
2 5 8 
3 0 9 


vArray
1 3 1 
3 0 1 
0 0 0 

