Amazing - Copyright by Creative Computing, Morristown, NJ
:  :--:
I     I 
:  :--:
I  I  I 
:--:--:

wArray
1 4 
2 0 


vArray
3 0 
0 0 

