Amazing - Copyright by Creative Computing, Morristown, NJ
:--:--:  :--:
I     I  I  I 
:  :  :  :  :
I  I     I  I 
:  :--:  :  :
I     I     I 
:  :  :--:--:
I  I  I  I  I 
:--:--:--:--:

wArray
V 9 8 1 6 
H 9 8 1 6 
V 10 7 2 5 
H 10 7 2 5 
V 11 14 3 4 
H 11 14 3 4 
V 12 15 0 0 
H 12 15 0 0 


vArray
V 3 1 1 1 
H 3 1 1 1 
V 1 2 1 1 
H 1 2 1 1 
V 3 1 2 0 
H 3 1 2 0 
V 0 0 0 0 
H 0 0 0 0 

