Amazing - Copyright by Creative Computing, Morristown, NJ
:--:--:--:--:--:--:--:--:--:--:--:--:--:  :--:--:--:--:--:--:--:--:--:
I              I     I           I           I                 I     I 
:  :--:--:  :  :  :--:  :  :--:  :  :--:--:  :--:--:  :--:--:  :  :  :
I     I     I  I        I  I     I        I           I     I     I  I 
:--:  :  :--:--:--:--:--:--:  :--:--:  :  :--:--:--:--:--:  :  :--:  :
I  I  I        I     I        I        I  I        I        I     I  I 
:  :  :  :--:  :  :  :  :--:--:  :--:--:  :--:  :  :  :--:--:--:  :  :
I     I  I  I  I  I     I        I        I     I  I              I  I 
:--:--:  :  :  :  :--:--:  :  :--:  :--:--:  :--:  :--:--:--:--:--:  :
I     I  I  I  I           I     I  I     I  I  I        I        I  I 
:  :  :  :  :  :--:--:--:--:--:  :  :  :  :  :  :--:--:  :  :--:  :  :
I  I  I  I  I  I                 I  I  I        I     I     I     I  I 
:--:  :  :  :  :  :--:--:--:--:--:  :--:--:--:  :  :  :--:--:  :--:  :
I     I  I  I  I     I           I           I  I  I  I     I     I  I 
:  :--:  :  :  :--:  :  :--:--:  :--:--:--:  :  :  :--:  :  :--:  :  :
I     I  I  I  I     I  I     I        I        I        I        I  I 
:  :  :  :  :  :--:--:  :  :  :  :--:--:  :--:--:--:--:--:--:--:--:  :
I  I     I     I     I  I  I     I     I  I     I                    I 
:  :--:--:  :--:  :  :  :  :--:--:  :  :  :  :  :  :--:--:--:--:--:--:
I  I     I     I  I     I     I     I     I  I  I  I  I     I        I 
:  :  :  :--:  :  :--:--:--:  :  :--:--:--:  :  :  :  :  :  :  :--:  :
I     I     I  I     I        I     I     I  I        I  I     I     I 
:--:  :--:  :--:  :  :--:--:--:--:  :--:  :  :--:--:  :  :--:--:--:--:
I     I  I     I  I        I     I        I  I     I  I              I 
:  :--:  :  :  :--:--:--:  :  :  :  :--:  :  :  :  :--:  :--:--:--:  :
I     I  I  I  I     I     I  I  I     I  I     I        I  I     I  I 
:--:  :  :--:  :  :  :  :--:  :  :--:  :  :--:--:--:--:--:  :  :  :  :
I  I     I     I  I  I  I     I        I  I              I     I     I 
:  :  :--:  :--:  :  :  :  :--:  :--:--:  :  :--:--:--:--:  :  :--:--:
I  I     I  I     I     I     I  I     I  I     I           I  I     I 
:  :--:  :  :--:--:  :--:--:  :  :--:  :  :--:  :  :--:--:--:  :  :  :
I     I  I        I        I  I  I     I  I  I     I        I     I  I 
:--:  :  :--:--:  :--:  :--:  :  :  :--:  :  :--:--:  :  :  :--:--:  :
I     I        I        I     I     I     I  I        I  I     I     I 
:  :--:--:  :  :--:--:--:  :--:--:  :  :--:  :  :--:--:--:  :--:  :--:
I  I     I  I        I     I     I  I  I     I  I  I        I     I  I 
:  :  :  :  :  :--:  :  :--:  :  :--:  :  :--:  :  :  :--:--:  :--:  :
I     I  I  I     I  I     I  I        I  I  I     I              I  I 
:  :--:  :--:  :  :  :--:  :  :--:--:--:  :  :  :--:--:--:--:--:  :  :
I     I        I  I        I                 I              I        I 
:--:--:--:--:--:--:--:--:--:--:--:--:--:--:--:--:--:--:--:--:  :--:--:
